com/vvq/query/jpa/builder/supplier/context/QuerySupplierContext.class
com/vvq/query/jpa/builder/column/ColumnQuery$ColumnQueryBuilder.class
com/vvq/query/jpa/builder/column/DoubleColumn$DoubleColumnBuilder.class
com/vvq/query/jpa/builder/column/LongColumn.class
com/vvq/query/jpa/builder/column/StringColumn$StringColumnBuilderImpl.class
com/vvq/query/jpa/builder/supplier/paras/WrapperTuple.class
com/vvq/query/jpa/builder/supplier/OrderBySupplier.class
com/vvq/query/jpa/builder/column/StringColumn.class
com/vvq/query/jpa/builder/JpaQueryConstant$Junction.class
com/vvq/query/jpa/builder/column/DateColumn$DateColumnBuilder.class
com/vvq/query/jpa/builder/column/LongColumn$LongColumnBuilderImpl.class
com/vvq/query/jpa/builder/column/DateColumn$DateColumnBuilderImpl.class
com/vvq/query/jpa/builder/column/ColumnQuery$1.class
com/vvq/query/jpa/builder/column/BooleanColumn$BooleanColumnBuilderImpl.class
com/vvq/query/jpa/builder/column/DateTimeColumn$DateTimeColumnBuilder.class
com/vvq/query/jpa/dialect/JpaTupleQueryRepository.class
com/vvq/query/jpa/builder/supplier/paras/AfterTuplePopulateParas.class
com/vvq/query/jpa/builder/resource/EntitySupportedQuery.class
com/vvq/query/jpa/builder/column/BooleanColumn$BooleanColumnBuilder.class
com/vvq/query/jpa/dialect/JpaQueryRepositoryFactoryBean$JpaQueryRepositoryFactory.class
com/vvq/query/jpa/builder/supplier/paras/AfterTuplePopulateParas$AfterTuplePopulateParasBuilderImpl.class
com/vvq/query/jpa/builder/JpaTupleQuery.class
com/vvq/query/jpa/builder/column/StringColumn$1.class
com/vvq/query/jpa/builder/supplier/GroupBySupplier.class
com/vvq/query/jpa/builder/utils/JpaQueryRepositoryUtil.class
com/vvq/query/jpa/builder/supplier/paras/WrapperTupleParas$WrapperTupleParasBuilder.class
com/vvq/query/jpa/builder/resource/EntitySupportedQuery$EntitySupportedQueryBuilder.class
com/vvq/query/jpa/builder/column/DateTimeColumn$DateTimeColumnBuilderImpl.class
com/vvq/query/jpa/builder/column/IntegerColumn$IntegerColumnBuilderImpl.class
com/vvq/query/jpa/builder/helper/JpaQueryBuilderHelper.class
com/vvq/query/jpa/builder/supplier/paras/WrapperTuple$WrapperTupleBuilder.class
com/vvq/query/jpa/builder/resource/JoinQuery$JoinQueryBuilder.class
com/vvq/query/jpa/builder/supplier/paras/WrapperTuple$WrapperTupleBuilderImpl.class
com/vvq/query/jpa/builder/supplier/context/QuerySupplierContext$QuerySupplierContextBuilder.class
com/vvq/query/jpa/builder/column/BooleanColumn.class
com/vvq/query/jpa/builder/supplier/paras/WrapperTupleParas$WrapperTupleParasBuilderImpl.class
com/vvq/query/jpa/builder/supplier/PredicatesSupplier.class
com/vvq/query/jpa/builder/column/LongColumn$LongColumnBuilder.class
com/vvq/query/jpa/builder/column/DateTimeColumn.class
com/vvq/query/jpa/dialect/JpaQueryRepository.class
com/vvq/query/jpa/dialect/JpaQueryRepositoryFactoryBean.class
com/vvq/query/jpa/builder/column/IntegerColumn.class
com/vvq/query/jpa/builder/column/DoubleColumn.class
com/vvq/query/jpa/dialect/impl/JpaQueryRepositoryImpl.class
com/vvq/query/jpa/builder/column/IntegerColumn$IntegerColumnBuilder.class
com/vvq/query/jpa/builder/supplier/PersistableTupleSupplier.class
com/vvq/query/jpa/builder/column/DoubleColumn$DoubleColumnBuilderImpl.class
com/vvq/query/jpa/builder/supplier/SelectionsSupplier.class
com/vvq/query/jpa/builder/JpaQuery.class
com/vvq/query/jpa/builder/column/StringColumn$StringColumnBuilder.class
com/vvq/query/jpa/builder/supplier/AfterTuplePopulatedSupplier.class
com/vvq/query/jpa/builder/column/ColumnQuery.class
com/vvq/query/jpa/builder/supplier/paras/AfterTuplePopulateParas$AfterTuplePopulateParasBuilder.class
com/vvq/query/jpa/builder/JpaQueryConstant.class
com/vvq/query/jpa/builder/resource/EntityQuery$EntityQueryBuilder.class
com/vvq/query/jpa/builder/column/DateColumn.class
com/vvq/query/jpa/builder/supplier/paras/WrapperTupleParas.class
com/vvq/query/jpa/builder/resource/EntityQuery.class
com/vvq/query/jpa/builder/JpaQueryConstant$Operator.class
com/vvq/query/jpa/builder/resource/JoinQuery.class
com/vvq/query/jpa/builder/resource/EntityQuery$EntityQueryBuilderImpl.class
