/Users/quan.vo/Project/Private/plugin/jpa-query-builder/src/main/java/com/vvq/query/jpa/builder/column/LongColumn.java
/Users/quan.vo/Project/Private/plugin/jpa-query-builder/src/main/java/com/vvq/query/jpa/builder/resource/EntitySupportedQuery.java
/Users/quan.vo/Project/Private/plugin/jpa-query-builder/src/main/java/com/vvq/query/jpa/builder/column/DateTimeColumn.java
/Users/quan.vo/Project/Private/plugin/jpa-query-builder/src/main/java/com/vvq/query/jpa/builder/JpaQuery.java
/Users/quan.vo/Project/Private/plugin/jpa-query-builder/src/main/java/com/vvq/query/jpa/builder/supplier/paras/AfterTuplePopulateParas.java
/Users/quan.vo/Project/Private/plugin/jpa-query-builder/src/main/java/com/vvq/query/jpa/builder/utils/JpaQueryRepositoryUtil.java
/Users/quan.vo/Project/Private/plugin/jpa-query-builder/src/main/java/com/vvq/query/jpa/builder/supplier/paras/WrapperTupleParas.java
/Users/quan.vo/Project/Private/plugin/jpa-query-builder/src/main/java/com/vvq/query/jpa/builder/supplier/GroupBySupplier.java
/Users/quan.vo/Project/Private/plugin/jpa-query-builder/src/main/java/com/vvq/query/jpa/dialect/JpaTupleQueryRepository.java
/Users/quan.vo/Project/Private/plugin/jpa-query-builder/src/main/java/com/vvq/query/jpa/dialect/JpaQueryRepositoryFactoryBean.java
/Users/quan.vo/Project/Private/plugin/jpa-query-builder/src/main/java/com/vvq/query/jpa/builder/supplier/SelectionsSupplier.java
/Users/quan.vo/Project/Private/plugin/jpa-query-builder/src/main/java/com/vvq/query/jpa/dialect/impl/JpaQueryRepositoryImpl.java
/Users/quan.vo/Project/Private/plugin/jpa-query-builder/src/main/java/com/vvq/query/jpa/builder/column/StringColumn.java
/Users/quan.vo/Project/Private/plugin/jpa-query-builder/src/main/java/com/vvq/query/jpa/builder/supplier/paras/WrapperTuple.java
/Users/quan.vo/Project/Private/plugin/jpa-query-builder/src/main/java/com/vvq/query/jpa/builder/helper/JpaQueryBuilderHelper.java
/Users/quan.vo/Project/Private/plugin/jpa-query-builder/src/main/java/com/vvq/query/jpa/dialect/JpaQueryRepository.java
/Users/quan.vo/Project/Private/plugin/jpa-query-builder/src/main/java/com/vvq/query/jpa/builder/JpaTupleQuery.java
/Users/quan.vo/Project/Private/plugin/jpa-query-builder/src/main/java/com/vvq/query/jpa/builder/JpaQueryConstant.java
/Users/quan.vo/Project/Private/plugin/jpa-query-builder/src/main/java/com/vvq/query/jpa/builder/column/DoubleColumn.java
/Users/quan.vo/Project/Private/plugin/jpa-query-builder/src/main/java/com/vvq/query/jpa/builder/supplier/PredicatesSupplier.java
/Users/quan.vo/Project/Private/plugin/jpa-query-builder/src/main/java/com/vvq/query/jpa/builder/resource/EntityQuery.java
/Users/quan.vo/Project/Private/plugin/jpa-query-builder/src/main/java/com/vvq/query/jpa/builder/supplier/PersistableTupleSupplier.java
/Users/quan.vo/Project/Private/plugin/jpa-query-builder/src/main/java/com/vvq/query/jpa/builder/resource/JoinQuery.java
/Users/quan.vo/Project/Private/plugin/jpa-query-builder/src/main/java/com/vvq/query/jpa/builder/column/IntegerColumn.java
/Users/quan.vo/Project/Private/plugin/jpa-query-builder/src/main/java/com/vvq/query/jpa/builder/column/ColumnQuery.java
/Users/quan.vo/Project/Private/plugin/jpa-query-builder/src/main/java/com/vvq/query/jpa/builder/column/BooleanColumn.java
/Users/quan.vo/Project/Private/plugin/jpa-query-builder/src/main/java/com/vvq/query/jpa/builder/supplier/AfterTuplePopulatedSupplier.java
/Users/quan.vo/Project/Private/plugin/jpa-query-builder/src/main/java/com/vvq/query/jpa/builder/supplier/context/QuerySupplierContext.java
/Users/quan.vo/Project/Private/plugin/jpa-query-builder/src/main/java/com/vvq/query/jpa/builder/supplier/OrderBySupplier.java
/Users/quan.vo/Project/Private/plugin/jpa-query-builder/src/main/java/com/vvq/query/jpa/builder/column/DateColumn.java
